// Jest Snapshot v1, https://goo.gl/fbAQLP

exports[`App snapshot 1`] = `
<div
  className="App"
>
  <nav
    className="Header navbar navbar-expand navbar-light bg-dark"
    data-bs-theme="dark"
    data-testid="navbar-test"
  >
    <div
      className="container"
    >
      <a
        className="navbar-brand"
        href="#home"
      >
        Event Planner
      </a>
      <button
        aria-label="Toggle navigation"
        className="navbar-toggler collapsed"
        onClick={[Function]}
        type="button"
      >
        <span
          className="navbar-toggler-icon"
        />
      </button>
      <div
        aria-expanded={null}
        className="justify-content-end navbar-collapse collapse"
      >
        <span
          className="navbar-text"
        >
          <p>
            Please log in
          </p>
          <button
            className="btn btn-primary"
            disabled={false}
            onClick={[Function]}
            type="button"
          >
            Sign Up
          </button>
          <button
            className="btn btn-primary"
            disabled={false}
            onClick={[Function]}
            type="button"
          >
            Log In
          </button>
        </span>
      </div>
    </div>
  </nav>
</div>
`;
